<html>
<body>
<pre>
<h1>µVision Build Log</h1>
<h2>Tool Versions:</h2>
IDE-Version: ¦ÌVision V5.35.0.0
Copyright (C) 2021 ARM Ltd and ARM Germany GmbH. All rights reserved.
License Information: 1 foreverwww, 1, LIC=----
 
Tool Versions:
Toolchain:       MDK-ARM Plus  Version: 5.35.0.2
Toolchain Path:  D:\ARM\ARMCC\Bin
C Compiler:      Armcc.exe V5.06 update 7 (build 960)
Assembler:       Armasm.exe V5.06 update 7 (build 960)
Linker/Locator:  ArmLink.exe V5.06 update 7 (build 960)
Library Manager: ArmAr.exe V5.06 update 7 (build 960)
Hex Converter:   FromElf.exe V5.06 update 7 (build 960)
CPU DLL:         SARMCM3.DLL V5.35.0.2
Dialog DLL:      DCM.DLL V1.17.3.0
Target DLL:      CMSIS_AGDI.dll V1.33.0.0
Dialog DLL:      TCM.DLL V1.53.0.0
 
<h2>Project:</h2>
D:\github\shao bing\MDK-ARM\standard_robot.uvprojx
Project File Date:  09/30/2021

<h2>Output:</h2>
*** Using Compiler 'V5.06 update 7 (build 960)', folder: 'D:\ARM\ARMCC\Bin'
Build target 'standard_robot'
compiling chassis_behaviour.c...
..\application\CAN_receive.h(121): warning:  #1295-D: Deprecated declaration get_chassis_motor_measure_point - give arg types
  extern const motor_measure_t *get_chassis_motor_measure_point();
..\application\gimbal_task.h(363): warning:  #1295-D: Deprecated declaration software_reset - give arg types
  extern void software_reset();
..\application\chassis_behaviour.c(337): warning:  #1035-D: single-precision operand implicitly converted to double-precision
              *vy_set = CHASSIS_MID_SPEED;
..\application\chassis_behaviour.c(341): warning:  #1035-D: single-precision operand implicitly converted to double-precision
              *vy_set = CHASSIS_HIGH_SPEED;
..\application\chassis_behaviour.c: 4 warnings, 0 errors
linking...
Program Size: Code=87372 RO-data=3732 RW-data=900 ZI-data=51700  
FromELF: creating hex file...
"standard_tpye_c\standard_tpye_c.axf" - 0 Error(s), 4 Warning(s).

<h2>Software Packages used:</h2>

Package Vendor: ARM
                http://www.keil.com/pack/ARM.CMSIS.5.8.0.pack
                ARM.CMSIS.5.8.0
                CMSIS (Common Microcontroller Software Interface Standard)
   * Component: CORE Version: 5.5.0

Package Vendor: Keil
                http://www.keil.com/pack/Keil.STM32F4xx_DFP.2.12.0.pack
                Keil.STM32F4xx_DFP.2.12.0
                STMicroelectronics STM32F4 Series Device Support, Drivers and Examples

<h2>Collection of Component include folders:</h2>
  .\RTE\_standard_robot
  D:\ARM\CMSIS\5.8.0\CMSIS\Core\Include
  D:\keil\STM32F4xx_DFP\2.12.0\Drivers\CMSIS\Device\ST\STM32F4xx\Include

<h2>Collection of Component Files used:</h2>

   * Component: ARM::CMSIS:CORE:5.5.0
Build Time Elapsed:  00:00:02
</pre>
</body>
</html>
